<class 'pandas.core.frame.DataFrame'>
RangeIndex: 5000 entries, 0 to 4999
Data columns (total 20 columns):
 #   Column                             Non-Null Count  Dtype  
---  ------                             --------------  -----  
 0   Age                                5000 non-null   int64  
 1   Gender                             5000 non-null   object 
 2   Urban_Rural                        5000 non-null   object 
 3   BMI                                5000 non-null   float64
 4   Waist_Hip_Ratio                    5000 non-null   float64
 5   Heart_Rate                         5000 non-null   int64  
 6   Hypertension                       5000 non-null   object 
 7   Cholesterol_Level                  5000 non-null   object 
 8   Physical_Activity                  5000 non-null   object 
 9   Diet_Type                          5000 non-null   object 
 10  Smoking_Status                     5000 non-null   object 
 11  Alcohol_Intake                     2539 non-null   object 
 12  Stress_Level                       5000 non-null   object 
 13  Sleep_Quality                      5000 non-null   object 
 14  Family_History                     5000 non-null   object 
 15  Medication_For_Chronic_Conditions  5000 non-null   object 
 16  Thyroid_Condition                  5000 non-null   object 
 17  Polycystic_Ovary_Syndrome          5000 non-null   object 
 18  Gestational_Diabetes               5000 non-null   object 
 19  Diabetes_Status                    5000 non-null   object 
dtypes: float64(2), int64(2), object(16)
memory usage: 781.4+ KB
['Yes' 'No']
Diabetes_Status
1    2756
0    2244
Name: count, dtype: int64
int64
Missing Alcohol_Intake: 2461
Alcohol_Intake
Unknown     2461
Moderate    2063
High         476
Name: count, dtype: int64
Remaining missing: 0
Added new features: BMI_Category, Age_Group, BMI_Age_Interaction, Risk_Factor_Count

Correlation with Target:
Diabetes_Status        1.000000
BMI_Age_Interaction    0.535007
Risk_Factor_Count      0.479273
Age                    0.418903
BMI                    0.369064
Heart_Rate             0.001981
Waist_Hip_Ratio        0.000787
Name: Diabetes_Status, dtype: float64
Remaining features: 23
Age                                  1
Gender                               1
Urban_Rural                          1
BMI                                  1
Waist_Hip_Ratio                      1
Heart_Rate                           1
Hypertension                         1
Cholesterol_Level                    1
Physical_Activity                    1
Diet_Type                            1
Smoking_Status                       1
Alcohol_Intake                       1
Stress_Level                         1
Sleep_Quality                        1
Family_History                       1
Medication_For_Chronic_Conditions    1
Thyroid_Condition                    1
Polycystic_Ovary_Syndrome            1
Gestational_Diabetes                 1
BMI_Category                         1
Age_Group                            1
BMI_Age_Interaction                  1
Risk_Factor_Count                    1
Name: count, dtype: int64
Features shape: (5000, 23)
Target shape: (5000,)
Train shape: (4000, 23)
Test shape: (1000, 23)

Train distribution:
 Diabetes_Status
1    0.55125
0    0.44875
Name: proportion, dtype: float64

Test distribution:
 Diabetes_Status
1    0.551
0    0.449
Name: proportion, dtype: float64
Categorical features: 15
['Gender', 'Urban_Rural', 'Hypertension', 'Cholesterol_Level', 'Physical_Activity', 'Diet_Type', 'Smoking_Status', 'Alcohol_Intake', 'Stress_Level', 'Sleep_Quality', 'Family_History', 'Medication_For_Chronic_Conditions', 'Thyroid_Condition', 'Polycystic_Ovary_Syndrome', 'Gestational_Diabetes']

Numerical features: 8
['Age', 'BMI', 'Waist_Hip_Ratio', 'Heart_Rate', 'BMI_Category', 'Age_Group', 'BMI_Age_Interaction', 'Risk_Factor_Count']
Updated Categorical features: 17
['Gender', 'Urban_Rural', 'Hypertension', 'Cholesterol_Level', 'Physical_Activity', 'Diet_Type', 'Smoking_Status', 'Alcohol_Intake', 'Stress_Level', 'Sleep_Quality', 'Family_History', 'Medication_For_Chronic_Conditions', 'Thyroid_Condition', 'Polycystic_Ovary_Syndrome', 'Gestational_Diabetes', 'BMI_Category', 'Age_Group']
Updated Numerical features: 6
['Age', 'BMI', 'Waist_Hip_Ratio', 'Heart_Rate', 'BMI_Age_Interaction', 'Risk_Factor_Count']
Encoded train shape: (4000, 47)
Encoded test shape: (1000, 47)

Starting Hyperparameter Tuning (GridSearch)... this may take a minute.
Fitting 3 folds for each of 36 candidates, totalling 108 fits
qt.qpa.plugin: Could not find the Qt platform plugin "wayland" in ""
/home/chauhan_817/Downloads/UpdatedDiabetes/trainmodel.py:240: FutureWarning: 

Passing `palette` without assigning `hue` is deprecated and will be removed in v0.14.0. Assign the `y` variable to `hue` and set `legend=False` for the same effect.

  sns.barplot(x=importances[indices[:top_n]], y=[feature_names[i] for i in indices[:top_n]], palette="viridis")
Best Parameters: {'learning_rate': 0.05, 'max_depth': 4, 'n_estimators': 100, 'subsample': 0.8}
Best CV Accuracy: 0.8070
Accuracy: 0.785
ROC-AUC: 0.8741910840383349

Confusion Matrix:
 [[331 118]
 [ 97 454]]

Classification Report:
               precision    recall  f1-score   support

           0       0.77      0.74      0.75       449
           1       0.79      0.82      0.81       551

    accuracy                           0.79      1000
   macro avg       0.78      0.78      0.78      1000
weighted avg       0.78      0.79      0.78      1000

Saved confusion_matrix.png
Saved roc_curve.png
Saved feature_importance.png
Exception ignored in: <function ResourceTracker.__del__ at 0x7597e318fa60>
Exception ignored in: <function ResourceTracker.__del__ at 0x73d19e38ba60>
Traceback (most recent call last):
Traceback (most recent call last):
  File "/home/chauhan_817/anaconda3/lib/python3.13/multiprocessing/resource_tracker.py", line 82, in __del__
  File "/home/chauhan_817/anaconda3/lib/python3.13/multiprocessing/resource_tracker.py", line 82, in __del__
  File "/home/chauhan_817/anaconda3/lib/python3.13/multiprocessing/resource_tracker.py", line 91, in _stop
  File "/home/chauhan_817/anaconda3/lib/python3.13/multiprocessing/resource_tracker.py", line 91, in _stop
  File "/home/chauhan_817/anaconda3/lib/python3.13/multiprocessing/resource_tracker.py", line 116, in _stop_locked
  File "/home/chauhan_817/anaconda3/lib/python3.13/multiprocessing/resource_tracker.py", line 116, in _stop_locked
ChildProcessError: [Errno 10] No child processes
ChildProcessError: [Errno 10] No child processes
Exception ignored in: <function ResourceTracker.__del__ at 0x74b8f5b8ba60>
Traceback (most recent call last):
  File "/home/chauhan_817/anaconda3/lib/python3.13/multiprocessing/resource_tracker.py", line 82, in __del__
Exception ignored in: <function ResourceTracker.__del__ at 0x7c9b8858ba60>
Traceback (most recent call last):
  File "/home/chauhan_817/anaconda3/lib/python3.13/multiprocessing/resource_tracker.py", line 82, in __del__
  File "/home/chauhan_817/anaconda3/lib/python3.13/multiprocessing/resource_tracker.py", line 91, in _stop
  File "/home/chauhan_817/anaconda3/lib/python3.13/multiprocessing/resource_tracker.py", line 116, in _stop_locked
ChildProcessError: [Errno 10] No child processes
  File "/home/chauhan_817/anaconda3/lib/python3.13/multiprocessing/resource_tracker.py", line 91, in _stop
  File "/home/chauhan_817/anaconda3/lib/python3.13/multiprocessing/resource_tracker.py", line 116, in _stop_locked
ChildProcessError: [Errno 10] No child processes
Exception ignored in: <function ResourceTracker.__del__ at 0x760e7af8ba60>
Traceback (most recent call last):
  File "/home/chauhan_817/anaconda3/lib/python3.13/multiprocessing/resource_tracker.py", line 82, in __del__
  File "/home/chauhan_817/anaconda3/lib/python3.13/multiprocessing/resource_tracker.py", line 91, in _stop
  File "/home/chauhan_817/anaconda3/lib/python3.13/multiprocessing/resource_tracker.py", line 116, in _stop_locked
ChildProcessError: [Errno 10] No child processes
Exception ignored in: <function ResourceTracker.__del__ at 0x7c0930d8fa60>
Exception ignored in: <function ResourceTracker.__del__ at 0x767c15383a60>
Traceback (most recent call last):
Traceback (most recent call last):
  File "/home/chauhan_817/anaconda3/lib/python3.13/multiprocessing/resource_tracker.py", line 82, in __del__
  File "/home/chauhan_817/anaconda3/lib/python3.13/multiprocessing/resource_tracker.py", line 82, in __del__
  File "/home/chauhan_817/anaconda3/lib/python3.13/multiprocessing/resource_tracker.py", line 91, in _stop
  File "/home/chauhan_817/anaconda3/lib/python3.13/multiprocessing/resource_tracker.py", line 91, in _stop
  File "/home/chauhan_817/anaconda3/lib/python3.13/multiprocessing/resource_tracker.py", line 116, in _stop_locked
  File "/home/chauhan_817/anaconda3/lib/python3.13/multiprocessing/resource_tracker.py", line 116, in _stop_locked
ChildProcessError: [Errno 10] No child processes
ChildProcessError: [Errno 10] No child processes
Exception ignored in: <function ResourceTracker.__del__ at 0x75ea14f7fa60>
Traceback (most recent call last):
  File "/home/chauhan_817/anaconda3/lib/python3.13/multiprocessing/resource_tracker.py", line 82, in __del__
  File "/home/chauhan_817/anaconda3/lib/python3.13/multiprocessing/resource_tracker.py", line 91, in _stop
  File "/home/chauhan_817/anaconda3/lib/python3.13/multiprocessing/resource_tracker.py", line 116, in _stop_locked
ChildProcessError: [Errno 10] No child processes
Exception ignored in: <function ResourceTracker.__del__ at 0x7d8053b87a60>
Traceback (most recent call last):
  File "/home/chauhan_817/anaconda3/lib/python3.13/multiprocessing/resource_tracker.py", line 82, in __del__
  File "/home/chauhan_817/anaconda3/lib/python3.13/multiprocessing/resource_tracker.py", line 91, in _stop
  File "/home/chauhan_817/anaconda3/lib/python3.13/multiprocessing/resource_tracker.py", line 116, in _stop_locked
ChildProcessError: [Errno 10] No child processes
Exception ignored in: <function ResourceTracker.__del__ at 0x7e1f2d183a60>
Traceback (most recent call last):
  File "/home/chauhan_817/anaconda3/lib/python3.13/multiprocessing/resource_tracker.py", line 82, in __del__
  File "/home/chauhan_817/anaconda3/lib/python3.13/multiprocessing/resource_tracker.py", line 91, in _stop
  File "/home/chauhan_817/anaconda3/lib/python3.13/multiprocessing/resource_tracker.py", line 116, in _stop_locked
ChildProcessError: [Errno 10] No child processes
Exception ignored in: <function ResourceTracker.__del__ at 0x7f77a6583a60>
Traceback (most recent call last):
  File "/home/chauhan_817/anaconda3/lib/python3.13/multiprocessing/resource_tracker.py", line 82, in __del__
  File "/home/chauhan_817/anaconda3/lib/python3.13/multiprocessing/resource_tracker.py", line 91, in _stop
  File "/home/chauhan_817/anaconda3/lib/python3.13/multiprocessing/resource_tracker.py", line 116, in _stop_locked
ChildProcessError: [Errno 10] No child processes
Exception ignored in: <function ResourceTracker.__del__ at 0x714f5cd8ba60>
Traceback (most recent call last):
  File "/home/chauhan_817/anaconda3/lib/python3.13/multiprocessing/resource_tracker.py", line 82, in __del__
  File "/home/chauhan_817/anaconda3/lib/python3.13/multiprocessing/resource_tracker.py", line 91, in _stop
  File "/home/chauhan_817/anaconda3/lib/python3.13/multiprocessing/resource_tracker.py", line 116, in _stop_locked
ChildProcessError: [Errno 10] No child processes
Exception ignored in: <function ResourceTracker.__del__ at 0x7aa2e158ba60>
Traceback (most recent call last):
  File "/home/chauhan_817/anaconda3/lib/python3.13/multiprocessing/resource_tracker.py", line 82, in __del__
  File "/home/chauhan_817/anaconda3/lib/python3.13/multiprocessing/resource_tracker.py", line 91, in _stop
  File "/home/chauhan_817/anaconda3/lib/python3.13/multiprocessing/resource_tracker.py", line 116, in _stop_locked
ChildProcessError: [Errno 10] No child processes
Exception ignored in: <function ResourceTracker.__del__ at 0x79b44eb8ba60>
Traceback (most recent call last):
  File "/home/chauhan_817/anaconda3/lib/python3.13/multiprocessing/resource_tracker.py", line 82, in __del__
  File "/home/chauhan_817/anaconda3/lib/python3.13/multiprocessing/resource_tracker.py", line 91, in _stop
  File "/home/chauhan_817/anaconda3/lib/python3.13/multiprocessing/resource_tracker.py", line 116, in _stop_locked
ChildProcessError: [Errno 10] No child processes
Exception ignored in: <function ResourceTracker.__del__ at 0x78dcaa587a60>
Traceback (most recent call last):
  File "/home/chauhan_817/anaconda3/lib/python3.13/multiprocessing/resource_tracker.py", line 82, in __del__
  File "/home/chauhan_817/anaconda3/lib/python3.13/multiprocessing/resource_tracker.py", line 91, in _stop
  File "/home/chauhan_817/anaconda3/lib/python3.13/multiprocessing/resource_tracker.py", line 116, in _stop_locked
ChildProcessError: [Errno 10] No child processes
Exception ignored in: <function ResourceTracker.__del__ at 0x7715df583a60>
Traceback (most recent call last):
  File "/home/chauhan_817/anaconda3/lib/python3.13/multiprocessing/resource_tracker.py", line 82, in __del__
  File "/home/chauhan_817/anaconda3/lib/python3.13/multiprocessing/resource_tracker.py", line 91, in _stop
  File "/home/chauhan_817/anaconda3/lib/python3.13/multiprocessing/resource_tracker.py", line 116, in _stop_locked
ChildProcessError: [Errno 10] No child processes
